C51 COMPILER V9.59.0.0   FF_S1                                                             03/04/2021 10:26:10 PAGE 1   


C51 COMPILER V9.59.0.0, COMPILATION OF MODULE FF_S1
OBJECT MODULE PLACED IN .\Objects\FF-S1.obj
COMPILER INVOKED BY: C:\Keil_v5\C51\BIN\C51.EXE FF-S1.c OPTIMIZE(8,SPEED) BROWSE DEBUG OBJECTEXTEND PRINT(.\Listings\FF-
                    -S1.lst) TABS(2) OBJECT(.\Objects\FF-S1.obj)

line level    source

   1          //-----------------------------------------------------------------------------
   2          // TP5.c
   3          //-----------------------------------------------------------------------------
   4          // AUTH: 
   5          // DATE: 
   6          //
   7          // Target: C8051F02x
   8          // Tool chain: KEIL Microvision 4
   9          //
  10          //-----------------------------------------------------------------------------
  11          #include <C8051F020.h>
  12          #include "c8051F020_SFR16.h"
  13          #include "FF-S1_Config.h"
  14          #include "FF-S1_Divers.h"
  15          
  16          unsigned char Intensite=0xA; //On met à 10% comme valeur d'exemple
  17          unsigned char Lum_ON=0;
  18          unsigned char Lum_OFF=0;
  19          unsigned char Lum_Nbre=0;
  20          
  21          sbit FREQ_OUT = P3^2;
  22          sbit CHG_FREQ = P0^2;
  23          sbit LED = P1^6;
  24          sbit BOUTON = P3^7;
  25          int i=1;
  26          
  27          #define Reset_Timer3Overflow TMR3CN &= 0x04
  28          #define Disable_Timer3 TMR3CN = 0x00
  29          // Prototypes de Fonctions
  30          
  31          
  32          void Lumiere(unsigned char Intensite,unsigned char Lum_ON,unsigned char Lum_OFF,unsigned char Lum_Nbre){
  33   1        if (Lum_Nbre !=0 && Lum_ON !=0){
  34   2            //On garde allumé pendant Lum_ON millisecondes
  35   2            //On ne peut PAS utiliser de while car ça bloque le processeur
  36   2            Lum_Nbre = Lum_Nbre - 1;
  37   2          }
  38   1          if (Lum_Nbre !=0 && Lum_OFF !=0){
  39   2            //On garde éteint pendant Lum_OFF millisecondes
  40   2            //On ne peut PAS utiliser de while car ça bloque le processeur
  41   2            Lum_Nbre = Lum_Nbre - 1;
  42   2          }
  43   1        //Gestion du rapport cyclique
  44   1        if(FREQ_OUT) {
  45   2          TMR3RL = 0xE018; // A terme, on veut pouvoir influencer ces valeurs de reload avec Intensite
  46   2        }
  47   1        else {
  48   2          TMR3RL = 0xF018; // On ne garde PAS à 65535, ça cause des erreurs
  49   2        }
  50   1        //Générateur de signaux
  51   1        FREQ_OUT = !FREQ_OUT;
  52   1        Reset_Timer3Overflow;
  53   1      }
*** WARNING C280 IN LINE 32 OF FF-S1.c: 'Intensite': unreferenced local variable
C51 COMPILER V9.59.0.0   FF_S1                                                             03/04/2021 10:26:10 PAGE 2   

  54          
  55          void Lumiere_Stop(void){
  56   1        //If (Réception du caractère d'extinction par l'UART) {
  57   1        //Disable_Timer3;   //Désactive le signal d'allumage du pointeur
  58   1        //}
  59   1      }
  60          //-----------------------------------------------------------------------------
  61          //-----------------------------------------------------------------------------
  62          // MAIN Routine
  63          //-----------------------------------------------------------------------------
  64          void main (void) {
  65   1             
  66   1          Init_Device();  // Appel des configurations globales
  67   1          
  68   1      // Début Insertion Code Configuration des périphériques ***********************
  69   1       
  70   1        
  71   1      // Fin Code Initialisations ***************************************************
  72   1      
  73   1        
  74   1      // Début Insertion Code Phase Démarrage *************************************** 
  75   1            EA = 1;
  76   1        // Fin Code phase Démarrage ***************************************************
  77   1        
  78   1        
  79   1        while(1)
  80   1              {
  81   2            Lumiere_Stop(); //On vérifie en permanence si on reçoit le caractère d'extinction
  82   2              }                       
  83   1      }
  84          
  85          //-----------------------------------------------------------------------------
  86          //-----------------------------------------------------------------------------
  87          // Fonctions de configuration des divers périphériques
  88          //-----------------------------------------------------------------------------
  89          // Insérez vos fonctions de configuration ici
  90          
  91          //-----------------------------------------------------------------------------
  92          //-----------------------------------------------------------------------------
  93          // Fonctions d'interruptions
  94          //-----------------------------------------------------------------------------
  95          // Insérez vos fonctions d'interruption ici
  96          
  97          void ISR_timer3Overflow() interrupt 14
  98          {
  99   1      Lumiere(Intensite,Lum_ON, Lum_OFF, Lum_Nbre);
 100   1      }


MODULE INFORMATION:   STATIC OVERLAYABLE
   CODE SIZE        =     87    ----
   CONSTANT SIZE    =   ----    ----
   XDATA SIZE       =   ----    ----
   PDATA SIZE       =   ----    ----
   DATA SIZE        =      6       4
   IDATA SIZE       =   ----    ----
   BIT SIZE         =   ----    ----
END OF MODULE INFORMATION.


C51 COMPILATION COMPLETE.  1 WARNING(S),  0 ERROR(S)
